// Jest Snapshot v1, https://goo.gl/fbAQLP

exports[`GithubUserRepos page GithubUserRepos renders as expected 1`] = `
<div
  className="sc-AxheI fLZSOK"
>
  <p>
    loading ...
  </p>
</div>
`;
