// Jest Snapshot v1, https://goo.gl/fbAQLP

exports[`Button renders as expected 1`] = `
<button
  className="sc-AxjAm vJGYS"
  onClick={[Function]}
  type="button"
>
  Sample button
</button>
`;
