// Jest Snapshot v1, https://goo.gl/fbAQLP

exports[`Error renders as expected 1`] = `
<div
  className="sc-AxjAm ctoqlO"
>
  <h1>
    There was an error.
  </h1>
  <h2>
    401 - Unauthorized
  </h2>
  Try logging in.
</div>
`;
